Java HotSpot(TM) 64-Bit Server VM (25.181-b13) for bsd-amd64 JRE (1.8.0_181-b13), built on Jul  7 2018 01:02:31 by "java_re" with gcc 4.2.1 (Based on Apple Inc. build 5658) (LLVM build 2336.11.00)
Memory: 4k page, physical 8388608k(2553788k free)

/proc/meminfo:

CommandLine flags: -XX:InitialHeapSize=536870912 -XX:MaxHeapSize=536870912 -XX:MaxNewSize=178958336 -XX:MaxTenuringThreshold=6 -XX:NewSize=178958336 -XX:OldPLABSize=16 -XX:OldSize=357912576 -XX:+PrintGC -XX:+PrintGCTimeStamps -XX:-UseAdaptiveSizePolicy -XX:+UseCompressedClassPointers -XX:+UseCompressedOops -XX:+UseConcMarkSweepGC -XX:+UseParNewGC 
0.654: [GC (GCLocker Initiated GC)  139776K->7324K(506816K), 0.0063211 secs]
0.905: [GC (Allocation Failure)  147100K->12222K(506816K), 0.0080347 secs]
0.914: [GC (CMS Initial Mark)  16322K(506816K), 0.0011649 secs]
1.269: [GC (CMS Final Remark)  102930K(506816K), 0.0141587 secs]
1.451: [GC (Allocation Failure)  151998K->14480K(506816K), 0.0197821 secs]
1.940: [GC (Allocation Failure)  154256K->20585K(506816K), 0.0086075 secs]
16.857: [GC (Allocation Failure)  160361K->26567K(506816K), 0.0210610 secs]
17.558: [GC (Allocation Failure)  166343K->38283K(506816K), 0.0081605 secs]
18.346: [GC (Allocation Failure)  178059K->55718K(506816K), 0.0208745 secs]
18.779: [GC (Allocation Failure)  195494K->64779K(506816K), 0.0110692 secs]
19.093: [GC (Allocation Failure)  204555K->66426K(506816K), 0.0065732 secs]
19.594: [GC (Allocation Failure)  206202K->74724K(506816K), 0.0087911 secs]
19.823: [GC (Allocation Failure)  214500K->78822K(506816K), 0.0076671 secs]
20.060: [GC (Allocation Failure)  218598K->74183K(506816K), 0.0040956 secs]
20.273: [GC (Allocation Failure)  213959K->74942K(506816K), 0.0037580 secs]
20.513: [GC (Allocation Failure)  214718K->74609K(506816K), 0.0036689 secs]
20.726: [GC (Allocation Failure)  214385K->75790K(506816K), 0.0038831 secs]
20.943: [GC (Allocation Failure)  215566K->78211K(506816K), 0.0094229 secs]
21.187: [GC (Allocation Failure)  217984K->73630K(506816K), 0.0038765 secs]
21.379: [GC (Allocation Failure)  213406K->72842K(506816K), 0.0052066 secs]
21.554: [GC (Allocation Failure)  212618K->72099K(506816K), 0.0046601 secs]
21.727: [GC (Allocation Failure)  211875K->72109K(506816K), 0.0038014 secs]
21.888: [GC (Allocation Failure)  211885K->71956K(506816K), 0.0051161 secs]
22.051: [GC (Allocation Failure)  211732K->72037K(506816K), 0.0045334 secs]
22.220: [GC (Allocation Failure)  211813K->72056K(506816K), 0.0038155 secs]
22.389: [GC (Allocation Failure)  211832K->72076K(506816K), 0.0041648 secs]
22.579: [GC (Allocation Failure)  211852K->72079K(506816K), 0.0068422 secs]
22.755: [GC (Allocation Failure)  211855K->72598K(506816K), 0.0047534 secs]
22.927: [GC (Allocation Failure)  212374K->72320K(506816K), 0.0039111 secs]
23.094: [GC (Allocation Failure)  212096K->72094K(506816K), 0.0045212 secs]
23.262: [GC (Allocation Failure)  211870K->72027K(506816K), 0.0046509 secs]
23.432: [GC (Allocation Failure)  211803K->72105K(506816K), 0.0039853 secs]
23.620: [GC (Allocation Failure)  211881K->72197K(506816K), 0.0041424 secs]
23.796: [GC (Allocation Failure)  211973K->72099K(506816K), 0.0040867 secs]
23.968: [GC (Allocation Failure)  211875K->72115K(506816K), 0.0048315 secs]
24.150: [GC (Allocation Failure)  211891K->72091K(506816K), 0.0045261 secs]
24.325: [GC (Allocation Failure)  211867K->72109K(506816K), 0.0045209 secs]
24.502: [GC (Allocation Failure)  211885K->72174K(506816K), 0.0046744 secs]
24.675: [GC (Allocation Failure)  211950K->72103K(506816K), 0.0044445 secs]
24.850: [GC (Allocation Failure)  211879K->72106K(506816K), 0.0041562 secs]
25.018: [GC (Allocation Failure)  211882K->72306K(506816K), 0.0079879 secs]
25.198: [GC (Allocation Failure)  212082K->72338K(506816K), 0.0063890 secs]
25.379: [GC (Allocation Failure)  212114K->72448K(506816K), 0.0045173 secs]
25.565: [GC (Allocation Failure)  212224K->72541K(506816K), 0.0051290 secs]
25.739: [GC (Allocation Failure)  212317K->72706K(506816K), 0.0039868 secs]
25.909: [GC (Allocation Failure)  212482K->72786K(506816K), 0.0041384 secs]
26.079: [GC (Allocation Failure)  212562K->73109K(506816K), 0.0040580 secs]
26.243: [GC (Allocation Failure)  212885K->73444K(506816K), 0.0054976 secs]
26.415: [GC (Allocation Failure)  213220K->73595K(506816K), 0.0066551 secs]
26.765: [GC (Allocation Failure)  213371K->74317K(506816K), 0.0051641 secs]
26.947: [GC (Allocation Failure)  214093K->74492K(506816K), 0.0038793 secs]
27.088: [GC (Allocation Failure)  214268K->75001K(506816K), 0.0046744 secs]
27.226: [GC (Allocation Failure)  214777K->75272K(506816K), 0.0046444 secs]
27.365: [GC (Allocation Failure)  215048K->75473K(506816K), 0.0042869 secs]
27.495: [GC (Allocation Failure)  215249K->75751K(506816K), 0.0071432 secs]
27.637: [GC (Allocation Failure)  215527K->75038K(506816K), 0.0049784 secs]
27.773: [GC (Allocation Failure)  214814K->75360K(506816K), 0.0041638 secs]
27.916: [GC (Allocation Failure)  215136K->75033K(506816K), 0.0054332 secs]
28.051: [GC (Allocation Failure)  214809K->74871K(506816K), 0.0062863 secs]
28.188: [GC (Allocation Failure)  214647K->74926K(506816K), 0.0041493 secs]
28.317: [GC (Allocation Failure)  214702K->74819K(506816K), 0.0043999 secs]
28.449: [GC (Allocation Failure)  214595K->74814K(506816K), 0.0047811 secs]
28.574: [GC (Allocation Failure)  214590K->74820K(506816K), 0.0064648 secs]
28.715: [GC (Allocation Failure)  214596K->74790K(506816K), 0.0052703 secs]
29.023: [GC (Allocation Failure)  214566K->74744K(506816K), 0.0038703 secs]
29.152: [GC (Allocation Failure)  214520K->74759K(506816K), 0.0039423 secs]
29.282: [GC (Allocation Failure)  214535K->75212K(506816K), 0.0044737 secs]
29.410: [GC (Allocation Failure)  214988K->74998K(506816K), 0.0051218 secs]
29.540: [GC (Allocation Failure)  214774K->74819K(506816K), 0.0042470 secs]
29.670: [GC (Allocation Failure)  214595K->74842K(506816K), 0.0068350 secs]
29.807: [GC (Allocation Failure)  214618K->74785K(506816K), 0.0039142 secs]
29.943: [GC (Allocation Failure)  214561K->74807K(506816K), 0.0038090 secs]
30.069: [GC (Allocation Failure)  214583K->74813K(506816K), 0.0051258 secs]
30.201: [GC (Allocation Failure)  214589K->74808K(506816K), 0.0063717 secs]
30.333: [GC (Allocation Failure)  214584K->74823K(506816K), 0.0038915 secs]
30.476: [GC (Allocation Failure)  214599K->74834K(506816K), 0.0057722 secs]
30.605: [GC (Allocation Failure)  214610K->74905K(506816K), 0.0070092 secs]
30.753: [GC (Allocation Failure)  214681K->74964K(506816K), 0.0041948 secs]
30.885: [GC (Allocation Failure)  214740K->74958K(506816K), 0.0043281 secs]
31.020: [GC (Allocation Failure)  214734K->75077K(506816K), 0.0038531 secs]
31.149: [GC (Allocation Failure)  214853K->75122K(506816K), 0.0049145 secs]
31.283: [GC (Allocation Failure)  214898K->75226K(506816K), 0.0038448 secs]
31.418: [GC (Allocation Failure)  215002K->75321K(506816K), 0.0042160 secs]
31.545: [GC (Allocation Failure)  215097K->75587K(506816K), 0.0083465 secs]
31.684: [GC (Allocation Failure)  215363K->75609K(506816K), 0.0061101 secs]
31.820: [GC (Allocation Failure)  215385K->75925K(506816K), 0.0045603 secs]
31.960: [GC (Allocation Failure)  215701K->76276K(506816K), 0.0051867 secs]
32.086: [GC (Allocation Failure)  216052K->76377K(506816K), 0.0069369 secs]
32.229: [GC (Allocation Failure)  216153K->76879K(506816K), 0.0063706 secs]
32.356: [GC (Allocation Failure)  216655K->77290K(506816K), 0.0066880 secs]
32.490: [GC (Allocation Failure)  217066K->77537K(506816K), 0.0050214 secs]
32.624: [GC (Allocation Failure)  217313K->78050K(506816K), 0.0046151 secs]
32.770: [GC (Allocation Failure)  217826K->78044K(506816K), 0.0044191 secs]
32.902: [GC (Allocation Failure)  217820K->78267K(506816K), 0.0070799 secs]
33.039: [GC (Allocation Failure)  218043K->77759K(506816K), 0.0045335 secs]
33.169: [GC (Allocation Failure)  217535K->77843K(506816K), 0.0054775 secs]
33.304: [GC (Allocation Failure)  217619K->77740K(506816K), 0.0047119 secs]
33.444: [GC (Allocation Failure)  217516K->77908K(506816K), 0.0056810 secs]
33.581: [GC (Allocation Failure)  217684K->77677K(506816K), 0.0042327 secs]
33.719: [GC (Allocation Failure)  217453K->77614K(506816K), 0.0044890 secs]
33.851: [GC (Allocation Failure)  217390K->77531K(506816K), 0.0050837 secs]
33.989: [GC (Allocation Failure)  217307K->77574K(506816K), 0.0044082 secs]
34.122: [GC (Allocation Failure)  217350K->77600K(506816K), 0.0041809 secs]
34.253: [GC (Allocation Failure)  217376K->77578K(506816K), 0.0056588 secs]
34.385: [GC (Allocation Failure)  217354K->77522K(506816K), 0.0036853 secs]
34.516: [GC (Allocation Failure)  217298K->77571K(506816K), 0.0038767 secs]
34.639: [GC (Allocation Failure)  217347K->77565K(506816K), 0.0065219 secs]
34.782: [GC (Allocation Failure)  217341K->77520K(506816K), 0.0036992 secs]
34.911: [GC (Allocation Failure)  217296K->77593K(506816K), 0.0048831 secs]
35.041: [GC (Allocation Failure)  217369K->77589K(506816K), 0.0043413 secs]
35.169: [GC (Allocation Failure)  217365K->77562K(506816K), 0.0067514 secs]
35.301: [GC (Allocation Failure)  217338K->77627K(506816K), 0.0063357 secs]
35.435: [GC (Allocation Failure)  217403K->77586K(506816K), 0.0037062 secs]
35.564: [GC (Allocation Failure)  217362K->77569K(506816K), 0.0044963 secs]
35.696: [GC (Allocation Failure)  217345K->77632K(506816K), 0.0054998 secs]
35.827: [GC (Allocation Failure)  217408K->77696K(506816K), 0.0051075 secs]
35.961: [GC (Allocation Failure)  217472K->77738K(506816K), 0.0038901 secs]
36.089: [GC (Allocation Failure)  217514K->77723K(506816K), 0.0037294 secs]
36.222: [GC (Allocation Failure)  217499K->77789K(506816K), 0.0036374 secs]
36.351: [GC (Allocation Failure)  217565K->77986K(506816K), 0.0044592 secs]
36.483: [GC (Allocation Failure)  217762K->78050K(506816K), 0.0056071 secs]
36.609: [GC (Allocation Failure)  217826K->78213K(506816K), 0.0054891 secs]
36.753: [GC (Allocation Failure)  217989K->78448K(506816K), 0.0076405 secs]
36.885: [GC (Allocation Failure)  218224K->78576K(506816K), 0.0082565 secs]
37.038: [GC (Allocation Failure)  218352K->79008K(506816K), 0.0069256 secs]
37.185: [GC (Allocation Failure)  218784K->79338K(506816K), 0.0049577 secs]
37.318: [GC (Allocation Failure)  219114K->79622K(506816K), 0.0037959 secs]
37.451: [GC (Allocation Failure)  219398K->79874K(506816K), 0.0081030 secs]
37.593: [GC (Allocation Failure)  219650K->80213K(506816K), 0.0063879 secs]
37.760: [GC (Allocation Failure)  219989K->80034K(506816K), 0.0058154 secs]
37.899: [GC (Allocation Failure)  219810K->80380K(506816K), 0.0050337 secs]
38.037: [GC (Allocation Failure)  220156K->80823K(506816K), 0.0041531 secs]
39.061: [GC (Allocation Failure)  220599K->80399K(506816K), 0.0051744 secs]
39.214: [GC (Allocation Failure)  220175K->80617K(506816K), 0.0040784 secs]
39.332: [GC (Allocation Failure)  220393K->80711K(506816K), 0.0045894 secs]
39.457: [GC (Allocation Failure)  220487K->80517K(506816K), 0.0045654 secs]
39.576: [GC (Allocation Failure)  220293K->80556K(506816K), 0.0043895 secs]
39.708: [GC (Allocation Failure)  220332K->80279K(506816K), 0.0039112 secs]
39.831: [GC (Allocation Failure)  220055K->80414K(506816K), 0.0041201 secs]
39.955: [GC (Allocation Failure)  220190K->80342K(506816K), 0.0060073 secs]
40.088: [GC (Allocation Failure)  220118K->80293K(506816K), 0.0038858 secs]
40.215: [GC (Allocation Failure)  220069K->80331K(506816K), 0.0038800 secs]
40.337: [GC (Allocation Failure)  220107K->80270K(506816K), 0.0041213 secs]
40.466: [GC (Allocation Failure)  220046K->80252K(506816K), 0.0041384 secs]
40.586: [GC (Allocation Failure)  220028K->80288K(506816K), 0.0054640 secs]
40.716: [GC (Allocation Failure)  220064K->80277K(506816K), 0.0048729 secs]
40.836: [GC (Allocation Failure)  220053K->80277K(506816K), 0.0043491 secs]
40.958: [GC (Allocation Failure)  220053K->80286K(506816K), 0.0038461 secs]
41.074: [GC (Allocation Failure)  220062K->80313K(506816K), 0.0063514 secs]
41.193: [GC (Allocation Failure)  220089K->80269K(506816K), 0.0068803 secs]
41.315: [GC (Allocation Failure)  220045K->80306K(506816K), 0.0046917 secs]
41.443: [GC (Allocation Failure)  220082K->80319K(506816K), 0.0053388 secs]
41.568: [GC (Allocation Failure)  220095K->80315K(506816K), 0.0070560 secs]
41.696: [GC (Allocation Failure)  220091K->80416K(506816K), 0.0053432 secs]
41.829: [GC (Allocation Failure)  220192K->80540K(506816K), 0.0039892 secs]
41.957: [GC (Allocation Failure)  220316K->80618K(506816K), 0.0042113 secs]
42.117: [GC (Allocation Failure)  220394K->80637K(506816K), 0.0036198 secs]
42.238: [GC (Allocation Failure)  220413K->80770K(506816K), 0.0078017 secs]
42.350: [GC (Allocation Failure)  220546K->81012K(506816K), 0.0092609 secs]
42.479: [GC (Allocation Failure)  220783K->81244K(506816K), 0.0052306 secs]
42.601: [GC (Allocation Failure)  221020K->81515K(506816K), 0.0043697 secs]
42.761: [GC (Allocation Failure)  221291K->81581K(506816K), 0.0124806 secs]
42.899: [GC (Allocation Failure)  221357K->82030K(506816K), 0.0135561 secs]
43.029: [GC (Allocation Failure)  221806K->81842K(506816K), 0.0045606 secs]
43.155: [GC (Allocation Failure)  221618K->82377K(506816K), 0.0045853 secs]
43.280: [GC (Allocation Failure)  222153K->82590K(506816K), 0.0089551 secs]
43.416: [GC (Allocation Failure)  222366K->82634K(506816K), 0.0041084 secs]
43.542: [GC (Allocation Failure)  222410K->82948K(506816K), 0.0058341 secs]
43.671: [GC (Allocation Failure)  222724K->83078K(506816K), 0.0055175 secs]
43.799: [GC (Allocation Failure)  222854K->83237K(506816K), 0.0060822 secs]
43.915: [GC (Allocation Failure)  223013K->83183K(506816K), 0.0046127 secs]
44.031: [GC (Allocation Failure)  222959K->83283K(506816K), 0.0047349 secs]
44.531: [GC (Allocation Failure)  223059K->83144K(506816K), 0.0051843 secs]
44.645: [GC (Allocation Failure)  222920K->83084K(506816K), 0.0083139 secs]
44.779: [GC (Allocation Failure)  222860K->83066K(506816K), 0.0040804 secs]
44.884: [GC (Allocation Failure)  222842K->83030K(506816K), 0.0049811 secs]
44.998: [GC (Allocation Failure)  222806K->83059K(506816K), 0.0046272 secs]
45.107: [GC (Allocation Failure)  222835K->83053K(506816K), 0.0047371 secs]
45.217: [GC (Allocation Failure)  222829K->82963K(506816K), 0.0047133 secs]
45.325: [GC (Allocation Failure)  222739K->82980K(506816K), 0.0044413 secs]
45.436: [GC (Allocation Failure)  222756K->83002K(506816K), 0.0041285 secs]
45.544: [GC (Allocation Failure)  222778K->83020K(506816K), 0.0061540 secs]
45.647: [GC (Allocation Failure)  222796K->83007K(506816K), 0.0063308 secs]
45.762: [GC (Allocation Failure)  222783K->83002K(506816K), 0.0037403 secs]
45.866: [GC (Allocation Failure)  222778K->82978K(506816K), 0.0044524 secs]
45.975: [GC (Allocation Failure)  222754K->83006K(506816K), 0.0048396 secs]
46.084: [GC (Allocation Failure)  222782K->83036K(506816K), 0.0041514 secs]
46.190: [GC (Allocation Failure)  222812K->83067K(506816K), 0.0039457 secs]
46.297: [GC (Allocation Failure)  222843K->83113K(506816K), 0.0062528 secs]
46.401: [GC (Allocation Failure)  222889K->83161K(506816K), 0.0041474 secs]
46.519: [GC (Allocation Failure)  222937K->83230K(506816K), 0.0041287 secs]
46.623: [GC (Allocation Failure)  223006K->83317K(506816K), 0.0048070 secs]
70.339: [GC (Allocation Failure)  223093K->83469K(506816K), 0.0033443 secs]
70.878: [GC (Allocation Failure)  223245K->83982K(506816K), 0.0034166 secs]
70.996: [GC (Allocation Failure)  223758K->91684K(506816K), 0.0037212 secs]
71.102: [GC (Allocation Failure)  231460K->99106K(506816K), 0.0049002 secs]
71.202: [GC (Allocation Failure)  238882K->108084K(506816K), 0.0149821 secs]
72.138: [GC (Allocation Failure)  247860K->105762K(506816K), 0.0066397 secs]
72.284: [GC (Allocation Failure)  245538K->109323K(506816K), 0.0034620 secs]
72.382: [GC (Allocation Failure)  249099K->112041K(506816K), 0.0060487 secs]
72.464: [GC (Allocation Failure)  251817K->115963K(506816K), 0.0035311 secs]
72.560: [GC (Allocation Failure)  255739K->115113K(506816K), 0.0044117 secs]
72.650: [GC (Allocation Failure)  254889K->112559K(506816K), 0.0057177 secs]
72.743: [GC (Allocation Failure)  252335K->115347K(506816K), 0.0034891 secs]
72.833: [GC (Allocation Failure)  255123K->112373K(506816K), 0.0037432 secs]
72.920: [GC (Allocation Failure)  252149K->113518K(506816K), 0.0079114 secs]
73.013: [GC (Allocation Failure)  253294K->111750K(506816K), 0.0038469 secs]
73.105: [GC (Allocation Failure)  251526K->110606K(506816K), 0.0046581 secs]
73.192: [GC (Allocation Failure)  250382K->110375K(506816K), 0.0034044 secs]
73.281: [GC (Allocation Failure)  250151K->110353K(506816K), 0.0035004 secs]
73.368: [GC (Allocation Failure)  250129K->110300K(506816K), 0.0035020 secs]
73.454: [GC (Allocation Failure)  250076K->110288K(506816K), 0.0041114 secs]
73.542: [GC (Allocation Failure)  250064K->110285K(506816K), 0.0033666 secs]
73.632: [GC (Allocation Failure)  250061K->110281K(506816K), 0.0038298 secs]
73.715: [GC (Allocation Failure)  250057K->110317K(506816K), 0.0035799 secs]
73.807: [GC (Allocation Failure)  250093K->110271K(506816K), 0.0040107 secs]
73.897: [GC (Allocation Failure)  250047K->110342K(506816K), 0.0038412 secs]
73.984: [GC (Allocation Failure)  250118K->110453K(506816K), 0.0034132 secs]
74.081: [GC (Allocation Failure)  250229K->110394K(506816K), 0.0034608 secs]
74.181: [GC (Allocation Failure)  250170K->110407K(506816K), 0.0033544 secs]
74.278: [GC (Allocation Failure)  250183K->110417K(506816K), 0.0033551 secs]
74.382: [GC (Allocation Failure)  250193K->110534K(506816K), 0.0040728 secs]
74.467: [GC (Allocation Failure)  250300K->110681K(506816K), 0.0036949 secs]
74.566: [GC (Allocation Failure)  250457K->110778K(506816K), 0.0043425 secs]
74.659: [GC (Allocation Failure)  250554K->110921K(506816K), 0.0041383 secs]
74.744: [GC (Allocation Failure)  250697K->111028K(506816K), 0.0058150 secs]
74.840: [GC (Allocation Failure)  250804K->111248K(506816K), 0.0035780 secs]
74.940: [GC (Allocation Failure)  251024K->111491K(506816K), 0.0062685 secs]
75.036: [GC (Allocation Failure)  251267K->111611K(506816K), 0.0037246 secs]
75.128: [GC (Allocation Failure)  251387K->111712K(506816K), 0.0047056 secs]
75.228: [GC (Allocation Failure)  251488K->112148K(506816K), 0.0041021 secs]
75.334: [GC (Allocation Failure)  251924K->112431K(506816K), 0.0035518 secs]
75.434: [GC (Allocation Failure)  252207K->112705K(506816K), 0.0057327 secs]
75.532: [GC (Allocation Failure)  252481K->112770K(506816K), 0.0034582 secs]
75.625: [GC (Allocation Failure)  252546K->112870K(506816K), 0.0041211 secs]
75.719: [GC (Allocation Failure)  252646K->113327K(506816K), 0.0035739 secs]
75.821: [GC (Allocation Failure)  253103K->113273K(506816K), 0.0036631 secs]
75.917: [GC (Allocation Failure)  253049K->113438K(506816K), 0.0037398 secs]
76.001: [GC (Allocation Failure)  253214K->113342K(506816K), 0.0038704 secs]
76.088: [GC (Allocation Failure)  253118K->113480K(506816K), 0.0039303 secs]
76.178: [GC (Allocation Failure)  253256K->113167K(506816K), 0.0037383 secs]
76.265: [GC (Allocation Failure)  252943K->113205K(506816K), 0.0045332 secs]
76.356: [GC (Allocation Failure)  252981K->113256K(506816K), 0.0040350 secs]
76.446: [GC (Allocation Failure)  253032K->113138K(506816K), 0.0050555 secs]
76.541: [GC (Allocation Failure)  252914K->113048K(506816K), 0.0045401 secs]
76.642: [GC (Allocation Failure)  252824K->113054K(506816K), 0.0047192 secs]
76.732: [GC (Allocation Failure)  252830K->113107K(506816K), 0.0038301 secs]
76.829: [GC (Allocation Failure)  252883K->113081K(506816K), 0.0034538 secs]
76.919: [GC (Allocation Failure)  252857K->113051K(506816K), 0.0044641 secs]
77.010: [GC (Allocation Failure)  252827K->113070K(506816K), 0.0034786 secs]
77.106: [GC (Allocation Failure)  252846K->113094K(506816K), 0.0036768 secs]
77.194: [GC (Allocation Failure)  252870K->113067K(506816K), 0.0045821 secs]
77.286: [GC (Allocation Failure)  252843K->113075K(506816K), 0.0036808 secs]
77.376: [GC (Allocation Failure)  252851K->113112K(506816K), 0.0040963 secs]
77.472: [GC (Allocation Failure)  252888K->113111K(506816K), 0.0034477 secs]
77.566: [GC (Allocation Failure)  252887K->113167K(506816K), 0.0048816 secs]
77.662: [GC (Allocation Failure)  252943K->113301K(506816K), 0.0044900 secs]
77.755: [GC (Allocation Failure)  253077K->113357K(506816K), 0.0050155 secs]
77.859: [GC (Allocation Failure)  253133K->113461K(506816K), 0.0043353 secs]
77.962: [GC (Allocation Failure)  253237K->113495K(506816K), 0.0051429 secs]
78.077: [GC (Allocation Failure)  253271K->113761K(506816K), 0.0036750 secs]
78.181: [GC (Allocation Failure)  253537K->113895K(506816K), 0.0050200 secs]
78.284: [GC (Allocation Failure)  253671K->113969K(506816K), 0.0056442 secs]
78.391: [GC (Allocation Failure)  253745K->114105K(506816K), 0.0073200 secs]
78.491: [GC (Allocation Failure)  253881K->114291K(506816K), 0.0037943 secs]
78.597: [GC (Allocation Failure)  254067K->114443K(506816K), 0.0048797 secs]
78.717: [GC (Allocation Failure)  254219K->114749K(506816K), 0.0039320 secs]
78.840: [GC (Allocation Failure)  254525K->114785K(506816K), 0.0039528 secs]
78.979: [GC (Allocation Failure)  254561K->115249K(506816K), 0.0049012 secs]
79.097: [GC (Allocation Failure)  255025K->115398K(506816K), 0.0039708 secs]
79.229: [GC (Allocation Failure)  255174K->115577K(506816K), 0.0039058 secs]
79.362: [GC (Allocation Failure)  255353K->115642K(506816K), 0.0047638 secs]
79.502: [GC (Allocation Failure)  255418K->115557K(506816K), 0.0043126 secs]
79.646: [GC (Allocation Failure)  255333K->115824K(506816K), 0.0045163 secs]
82.045: [GC (Allocation Failure)  255600K->115751K(506816K), 0.0049459 secs]
82.267: [GC (Allocation Failure)  255527K->115692K(506816K), 0.0034504 secs]
82.364: [GC (Allocation Failure)  255468K->115901K(506816K), 0.0039119 secs]
82.470: [GC (Allocation Failure)  255677K->116011K(506816K), 0.0033469 secs]
82.572: [GC (Allocation Failure)  255787K->116087K(506816K), 0.0035217 secs]
82.682: [GC (Allocation Failure)  255863K->115906K(506816K), 0.0032143 secs]
82.782: [GC (Allocation Failure)  255682K->115964K(506816K), 0.0041486 secs]
82.885: [GC (Allocation Failure)  255740K->116047K(506816K), 0.0038402 secs]
82.983: [GC (Allocation Failure)  255823K->115922K(506816K), 0.0037986 secs]
83.075: [GC (Allocation Failure)  255698K->115874K(506816K), 0.0033643 secs]
83.166: [GC (Allocation Failure)  255650K->115838K(506816K), 0.0036892 secs]
83.267: [GC (Allocation Failure)  255614K->115910K(506816K), 0.0044319 secs]
83.366: [GC (Allocation Failure)  255686K->115871K(506816K), 0.0036003 secs]
83.475: [GC (Allocation Failure)  255647K->115833K(506816K), 0.0032553 secs]
83.573: [GC (Allocation Failure)  255609K->115880K(506816K), 0.0035903 secs]
83.673: [GC (Allocation Failure)  255656K->115884K(506816K), 0.0035363 secs]
83.770: [GC (Allocation Failure)  255660K->115908K(506816K), 0.0035744 secs]
83.863: [GC (Allocation Failure)  255679K->115964K(506816K), 0.0039870 secs]
83.964: [GC (Allocation Failure)  255740K->116045K(506816K), 0.0037329 secs]
84.063: [GC (Allocation Failure)  255821K->116092K(506816K), 0.0032765 secs]
84.158: [GC (Allocation Failure)  255868K->116196K(506816K), 0.0032763 secs]
84.251: [GC (Allocation Failure)  255972K->116294K(506816K), 0.0040506 secs]
84.341: [GC (Allocation Failure)  256070K->116413K(506816K), 0.0057558 secs]
84.502: [GC (Allocation Failure)  256189K->116509K(506816K), 0.0047571 secs]
84.615: [GC (Allocation Failure)  256285K->116667K(506816K), 0.0041466 secs]
84.722: [GC (Allocation Failure)  256443K->116921K(506816K), 0.0045169 secs]
84.829: [GC (Allocation Failure)  256697K->117208K(506816K), 0.0035687 secs]
84.921: [GC (Allocation Failure)  256984K->117193K(506816K), 0.0042296 secs]
85.019: [GC (Allocation Failure)  256969K->117539K(506816K), 0.0037214 secs]
85.143: [GC (Allocation Failure)  257315K->117739K(506816K), 0.0061536 secs]
85.249: [GC (Allocation Failure)  257515K->117917K(506816K), 0.0048617 secs]
85.350: [GC (Allocation Failure)  257693K->118132K(506816K), 0.0050874 secs]
85.451: [GC (Allocation Failure)  257908K->118159K(506816K), 0.0036929 secs]
85.792: [GC (Allocation Failure)  257935K->118535K(506816K), 0.0057350 secs]
85.908: [GC (Allocation Failure)  258311K->118340K(506816K), 0.0062701 secs]
86.022: [GC (Allocation Failure)  258116K->118512K(506816K), 0.0038911 secs]
86.123: [GC (Allocation Failure)  258288K->118548K(506816K), 0.0037329 secs]
86.228: [GC (Allocation Failure)  258324K->118547K(506816K), 0.0035043 secs]
86.324: [GC (Allocation Failure)  258323K->118572K(506816K), 0.0043565 secs]
86.426: [GC (Allocation Failure)  258348K->118696K(506816K), 0.0062005 secs]
86.529: [GC (Allocation Failure)  258472K->118682K(506816K), 0.0064157 secs]
86.655: [GC (Allocation Failure)  258458K->118669K(506816K), 0.0039781 secs]
86.871: [GC (Allocation Failure)  258445K->118831K(506816K), 0.0060287 secs]
86.987: [GC (Allocation Failure)  258607K->118870K(506816K), 0.0039954 secs]
87.098: [GC (Allocation Failure)  258646K->118673K(506816K), 0.0035756 secs]
87.206: [GC (Allocation Failure)  258449K->118655K(506816K), 0.0053989 secs]
87.310: [GC (Allocation Failure)  258431K->118612K(506816K), 0.0047181 secs]
87.417: [GC (Allocation Failure)  258388K->118611K(506816K), 0.0036538 secs]
87.523: [GC (Allocation Failure)  258387K->118579K(506816K), 0.0042015 secs]
87.627: [GC (Allocation Failure)  258355K->118591K(506816K), 0.0040185 secs]
87.732: [GC (Allocation Failure)  258367K->118630K(506816K), 0.0038680 secs]
87.846: [GC (Allocation Failure)  258406K->118607K(506816K), 0.0037380 secs]
87.964: [GC (Allocation Failure)  258383K->118698K(506816K), 0.0040037 secs]
88.071: [GC (Allocation Failure)  258474K->118700K(506816K), 0.0072758 secs]
88.176: [GC (Allocation Failure)  258476K->118728K(506816K), 0.0046148 secs]
88.284: [GC (Allocation Failure)  258504K->118848K(506816K), 0.0037910 secs]
88.392: [GC (Allocation Failure)  258624K->118951K(506816K), 0.0069161 secs]
88.505: [GC (Allocation Failure)  258727K->119239K(506816K), 0.0052641 secs]
88.617: [GC (Allocation Failure)  259015K->119270K(506816K), 0.0045976 secs]
88.738: [GC (Allocation Failure)  259046K->119349K(506816K), 0.0040007 secs]
88.963: [GC (Allocation Failure)  259125K->119433K(506816K), 0.0045699 secs]
89.091: [GC (Allocation Failure)  259209K->119591K(506816K), 0.0042128 secs]
89.212: [GC (Allocation Failure)  259367K->119773K(506816K), 0.0057632 secs]
89.323: [GC (Allocation Failure)  259549K->119889K(506816K), 0.0041329 secs]
89.438: [GC (Allocation Failure)  259665K->120226K(506816K), 0.0040584 secs]
89.558: [GC (Allocation Failure)  260002K->120139K(506816K), 0.0038715 secs]
89.680: [GC (Allocation Failure)  259915K->120509K(506816K), 0.0037785 secs]
89.805: [GC (Allocation Failure)  260285K->120714K(506816K), 0.0037799 secs]
89.926: [GC (Allocation Failure)  260490K->120907K(506816K), 0.0040110 secs]
90.278: [GC (Allocation Failure)  260683K->121058K(506816K), 0.0040754 secs]
90.395: [GC (Allocation Failure)  260834K->120963K(506816K), 0.0042834 secs]
90.503: [GC (Allocation Failure)  260739K->121191K(506816K), 0.0041844 secs]
90.622: [GC (Allocation Failure)  260967K->121235K(506816K), 0.0049146 secs]
90.736: [GC (Allocation Failure)  261011K->121359K(506816K), 0.0056689 secs]
90.852: [GC (Allocation Failure)  261135K->121298K(506816K), 0.0040309 secs]
90.952: [GC (Allocation Failure)  261074K->121411K(506816K), 0.0048458 secs]
91.052: [GC (Allocation Failure)  261187K->121404K(506816K), 0.0037680 secs]
91.146: [GC (Allocation Failure)  261180K->121361K(506816K), 0.0044362 secs]
91.359: [GC (Allocation Failure)  261137K->121527K(506816K), 0.0034892 secs]
91.460: [GC (Allocation Failure)  261303K->121425K(506816K), 0.0036023 secs]
91.562: [GC (Allocation Failure)  261201K->121497K(506816K), 0.0048268 secs]
91.662: [GC (Allocation Failure)  261273K->121366K(506816K), 0.0033506 secs]
91.756: [GC (Allocation Failure)  261142K->121475K(506816K), 0.0038865 secs]
91.862: [GC (Allocation Failure)  261251K->121435K(506816K), 0.0053404 secs]
91.960: [GC (Allocation Failure)  261211K->121375K(506816K), 0.0046156 secs]
92.065: [GC (Allocation Failure)  261151K->121366K(506816K), 0.0033360 secs]
92.176: [GC (Allocation Failure)  261142K->121402K(506816K), 0.0033396 secs]
92.289: [GC (Allocation Failure)  261178K->121408K(506816K), 0.0035906 secs]
92.395: [GC (Allocation Failure)  261184K->121394K(506816K), 0.0044852 secs]
92.493: [GC (Allocation Failure)  261170K->121471K(506816K), 0.0037818 secs]
92.591: [GC (Allocation Failure)  261247K->121493K(506816K), 0.0049262 secs]
92.703: [GC (Allocation Failure)  261269K->121628K(506816K), 0.0075659 secs]
92.821: [GC (Allocation Failure)  261404K->121676K(506816K), 0.0037948 secs]
92.924: [GC (Allocation Failure)  261452K->121754K(506816K), 0.0048334 secs]
93.028: [GC (Allocation Failure)  261530K->121893K(506816K), 0.0035342 secs]
93.129: [GC (Allocation Failure)  261669K->122016K(506816K), 0.0035059 secs]
93.234: [GC (Allocation Failure)  261792K->122160K(506816K), 0.0038767 secs]
93.481: [GC (Allocation Failure)  261936K->122140K(506816K), 0.0037192 secs]
93.603: [GC (Allocation Failure)  261916K->122465K(506816K), 0.0040126 secs]
93.719: [GC (Allocation Failure)  262241K->122521K(506816K), 0.0041625 secs]
93.841: [GC (Allocation Failure)  262297K->122778K(506816K), 0.0044472 secs]
93.969: [GC (Allocation Failure)  262554K->122969K(506816K), 0.0039746 secs]
94.098: [GC (Allocation Failure)  262745K->123197K(506816K), 0.0041201 secs]
94.221: [GC (Allocation Failure)  262973K->123435K(506816K), 0.0042465 secs]
94.348: [GC (Allocation Failure)  263211K->123317K(506816K), 0.0039578 secs]
94.697: [GC (Allocation Failure)  263093K->123695K(506816K), 0.0037241 secs]
94.824: [GC (Allocation Failure)  263471K->123601K(506816K), 0.0035043 secs]
94.935: [GC (Allocation Failure)  263377K->123855K(506816K), 0.0047611 secs]
95.047: [GC (Allocation Failure)  263631K->123962K(506816K), 0.0039536 secs]
95.153: [GC (Allocation Failure)  263738K->124143K(506816K), 0.0040775 secs]
95.255: [GC (Allocation Failure)  263919K->123922K(506816K), 0.0033835 secs]
95.356: [GC (Allocation Failure)  263698K->123972K(506816K), 0.0035177 secs]
95.453: [GC (Allocation Failure)  263748K->124303K(506816K), 0.0042539 secs]
95.550: [GC (Allocation Failure)  264079K->124257K(506816K), 0.0038037 secs]
95.648: [GC (Allocation Failure)  264033K->124188K(506816K), 0.0036652 secs]
95.747: [GC (Allocation Failure)  263964K->124226K(506816K), 0.0035143 secs]
95.848: [GC (Allocation Failure)  264002K->124202K(506816K), 0.0038495 secs]
95.942: [GC (Allocation Failure)  263978K->124250K(506816K), 0.0057323 secs]
96.042: [GC (Allocation Failure)  264026K->124177K(506816K), 0.0047277 secs]
96.137: [GC (Allocation Failure)  263953K->124286K(506816K), 0.0045334 secs]
96.235: [GC (Allocation Failure)  264062K->124170K(506816K), 0.0045551 secs]
96.333: [GC (Allocation Failure)  263946K->124139K(506816K), 0.0074504 secs]
96.432: [GC (Allocation Failure)  263915K->124088K(506816K), 0.0038314 secs]
96.527: [GC (Allocation Failure)  263864K->124153K(506816K), 0.0041544 secs]
96.625: [GC (Allocation Failure)  263929K->124111K(506816K), 0.0043338 secs]
96.728: [GC (Allocation Failure)  263887K->124172K(506816K), 0.0037630 secs]
96.835: [GC (Allocation Failure)  263948K->124271K(506816K), 0.0045391 secs]
96.933: [GC (Allocation Failure)  264047K->124319K(506816K), 0.0047658 secs]
97.034: [GC (Allocation Failure)  264095K->124395K(506816K), 0.0043131 secs]
97.134: [GC (Allocation Failure)  264171K->124554K(506816K), 0.0060259 secs]
97.231: [GC (Allocation Failure)  264330K->124699K(506816K), 0.0051246 secs]
97.337: [GC (Allocation Failure)  264475K->124814K(506816K), 0.0055784 secs]
97.442: [GC (Allocation Failure)  264590K->124666K(506816K), 0.0042833 secs]
97.552: [GC (Allocation Failure)  264442K->124874K(506816K), 0.0037253 secs]
97.666: [GC (Allocation Failure)  264650K->125051K(506816K), 0.0040562 secs]
97.787: [GC (Allocation Failure)  264827K->125322K(506816K), 0.0038431 secs]
97.916: [GC (Allocation Failure)  265098K->125421K(506816K), 0.0036177 secs]
98.033: [GC (Allocation Failure)  265192K->125668K(506816K), 0.0039772 secs]
98.156: [GC (Allocation Failure)  265444K->125872K(506816K), 0.0040397 secs]
98.285: [GC (Allocation Failure)  265648K->125983K(506816K), 0.0040635 secs]
98.408: [GC (Allocation Failure)  265759K->126099K(506816K), 0.0047484 secs]
98.533: [GC (Allocation Failure)  265875K->126389K(506816K), 0.0038571 secs]
98.652: [GC (Allocation Failure)  266165K->126400K(506816K), 0.0042758 secs]
98.769: [GC (Allocation Failure)  266176K->126484K(506816K), 0.0047688 secs]
98.878: [GC (Allocation Failure)  266260K->126650K(506816K), 0.0048443 secs]
98.985: [GC (Allocation Failure)  266426K->126557K(506816K), 0.0036775 secs]
99.092: [GC (Allocation Failure)  266333K->126704K(506816K), 0.0080077 secs]
99.196: [GC (Allocation Failure)  266480K->126867K(506816K), 0.0036381 secs]
99.298: [GC (Allocation Failure)  266643K->126761K(506816K), 0.0042212 secs]
99.400: [GC (Allocation Failure)  266537K->126867K(506816K), 0.0043367 secs]
99.497: [GC (Allocation Failure)  266643K->126840K(506816K), 0.0045932 secs]
99.591: [GC (Allocation Failure)  266616K->126834K(506816K), 0.0089275 secs]
99.696: [GC (Allocation Failure)  266610K->126781K(506816K), 0.0049478 secs]
99.799: [GC (Allocation Failure)  266557K->126881K(506816K), 0.0053241 secs]
99.905: [GC (Allocation Failure)  266657K->126794K(506816K), 0.0048597 secs]
100.002: [GC (Allocation Failure)  266570K->126812K(506816K), 0.0047237 secs]
100.103: [GC (Allocation Failure)  266588K->126775K(506816K), 0.0047991 secs]
100.202: [GC (Allocation Failure)  266551K->126856K(506816K), 0.0055319 secs]
100.308: [GC (Allocation Failure)  266632K->126794K(506816K), 0.0043406 secs]
