Java HotSpot(TM) 64-Bit Server VM (25.271-b09) for bsd-amd64 JRE (1.8.0_271-b09), built on Sep 16 2020 16:54:38 by "java_re" with gcc 4.2.1 Compatible Apple LLVM 10.0.0 (clang-1000.11.45.5)
Memory: 4k page, physical 8388608k(509528k free)

/proc/meminfo:

CommandLine flags: -XX:InitialHeapSize=2147483648 -XX:MaxHeapSize=2147483648 -XX:+PrintGC -XX:+PrintGCDateStamps -XX:+PrintGCDetails -XX:+PrintGCTimeStamps -XX:+UseCompressedClassPointers -XX:+UseCompressedOops -XX:+UseG1GC 
2021-01-14T22:03:57.312-0800: 0.189: [GC pause (G1 Evacuation Pause) (young), 0.0094932 secs]
   [Parallel Time: 8.1 ms, GC Workers: 8]
      [GC Worker Start (ms): Min: 188.8, Avg: 188.8, Max: 188.9, Diff: 0.1]
      [Ext Root Scanning (ms): Min: 0.1, Avg: 0.2, Max: 0.4, Diff: 0.3, Sum: 1.6]
      [Update RS (ms): Min: 0.0, Avg: 0.4, Max: 0.6, Diff: 0.6, Sum: 3.3]
         [Processed Buffers: Min: 0, Avg: 6.1, Max: 9, Diff: 9, Sum: 49]
      [Scan RS (ms): Min: 0.0, Avg: 0.0, Max: 0.1, Diff: 0.1, Sum: 0.1]
      [Code Root Scanning (ms): Min: 0.0, Avg: 0.0, Max: 0.0, Diff: 0.0, Sum: 0.1]
      [Object Copy (ms): Min: 6.6, Avg: 6.8, Max: 7.3, Diff: 0.7, Sum: 54.6]
      [Termination (ms): Min: 0.0, Avg: 0.6, Max: 0.8, Diff: 0.8, Sum: 4.4]
         [Termination Attempts: Min: 1, Avg: 1.0, Max: 1, Diff: 0, Sum: 8]
      [GC Worker Other (ms): Min: 0.0, Avg: 0.0, Max: 0.0, Diff: 0.0, Sum: 0.1]
      [GC Worker Total (ms): Min: 8.0, Avg: 8.0, Max: 8.1, Diff: 0.1, Sum: 64.1]
      [GC Worker End (ms): Min: 196.8, Avg: 196.8, Max: 196.9, Diff: 0.1]
   [Code Root Fixup: 0.0 ms]
   [Code Root Purge: 0.0 ms]
   [Clear CT: 0.1 ms]
   [Other: 1.2 ms]
      [Choose CSet: 0.0 ms]
      [Ref Proc: 0.4 ms]
      [Ref Enq: 0.0 ms]
      [Redirty Cards: 0.1 ms]
      [Humongous Register: 0.2 ms]
      [Humongous Reclaim: 0.1 ms]
      [Free CSet: 0.1 ms]
   [Eden: 102.0M(102.0M)->0.0B(89.0M) Survivors: 0.0B->13.0M Heap: 133.9M(2048.0M)->43.0M(2048.0M)]
 [Times: user=0.03 sys=0.03, real=0.01 secs] 
2021-01-14T22:03:57.343-0800: 0.219: [GC pause (G1 Evacuation Pause) (young), 0.0106790 secs]
   [Parallel Time: 9.5 ms, GC Workers: 8]
      [GC Worker Start (ms): Min: 219.4, Avg: 219.6, Max: 220.0, Diff: 0.5]
      [Ext Root Scanning (ms): Min: 0.0, Avg: 0.1, Max: 0.3, Diff: 0.3, Sum: 0.8]
      [Update RS (ms): Min: 0.0, Avg: 0.1, Max: 0.2, Diff: 0.2, Sum: 0.8]
         [Processed Buffers: Min: 0, Avg: 1.9, Max: 4, Diff: 4, Sum: 15]
      [Scan RS (ms): Min: 0.0, Avg: 0.0, Max: 0.1, Diff: 0.1, Sum: 0.1]
      [Code Root Scanning (ms): Min: 0.0, Avg: 0.0, Max: 0.0, Diff: 0.0, Sum: 0.1]
      [Object Copy (ms): Min: 8.1, Avg: 8.5, Max: 9.1, Diff: 1.1, Sum: 68.2]
      [Termination (ms): Min: 0.0, Avg: 0.6, Max: 1.0, Diff: 1.0, Sum: 4.5]
         [Termination Attempts: Min: 1, Avg: 1.0, Max: 1, Diff: 0, Sum: 8]
      [GC Worker Other (ms): Min: 0.0, Avg: 0.0, Max: 0.0, Diff: 0.0, Sum: 0.1]
      [GC Worker Total (ms): Min: 9.0, Avg: 9.3, Max: 9.5, Diff: 0.5, Sum: 74.6]
      [GC Worker End (ms): Min: 228.8, Avg: 228.9, Max: 228.9, Diff: 0.1]
   [Code Root Fixup: 0.0 ms]
   [Code Root Purge: 0.0 ms]
   [Clear CT: 0.1 ms]
   [Other: 1.1 ms]
      [Choose CSet: 0.0 ms]
      [Ref Proc: 0.6 ms]
      [Ref Enq: 0.0 ms]
      [Redirty Cards: 0.1 ms]
      [Humongous Register: 0.1 ms]
      [Humongous Reclaim: 0.1 ms]
      [Free CSet: 0.0 ms]
   [Eden: 89.0M(89.0M)->0.0B(89.0M) Survivors: 13.0M->13.0M Heap: 154.9M(2048.0M)->83.2M(2048.0M)]
 [Times: user=0.02 sys=0.02, real=0.01 secs] 
2021-01-14T22:03:57.373-0800: 0.250: [GC pause (G1 Evacuation Pause) (young), 0.0101727 secs]
   [Parallel Time: 8.0 ms, GC Workers: 8]
      [GC Worker Start (ms): Min: 249.9, Avg: 250.1, Max: 250.7, Diff: 0.8]
      [Ext Root Scanning (ms): Min: 0.0, Avg: 0.1, Max: 0.1, Diff: 0.1, Sum: 0.7]
      [Update RS (ms): Min: 0.0, Avg: 0.1, Max: 0.2, Diff: 0.2, Sum: 0.9]
         [Processed Buffers: Min: 0, Avg: 2.0, Max: 3, Diff: 3, Sum: 16]
      [Scan RS (ms): Min: 0.0, Avg: 0.0, Max: 0.1, Diff: 0.1, Sum: 0.2]
      [Code Root Scanning (ms): Min: 0.0, Avg: 0.0, Max: 0.0, Diff: 0.0, Sum: 0.0]
      [Object Copy (ms): Min: 6.7, Avg: 7.0, Max: 7.5, Diff: 0.8, Sum: 55.8]
      [Termination (ms): Min: 0.0, Avg: 0.4, Max: 0.6, Diff: 0.6, Sum: 3.3]
         [Termination Attempts: Min: 1, Avg: 1.0, Max: 1, Diff: 0, Sum: 8]
      [GC Worker Other (ms): Min: 0.0, Avg: 0.0, Max: 0.0, Diff: 0.0, Sum: 0.1]
      [GC Worker Total (ms): Min: 7.0, Avg: 7.6, Max: 7.9, Diff: 0.9, Sum: 61.0]
      [GC Worker End (ms): Min: 257.7, Avg: 257.7, Max: 257.8, Diff: 0.2]
   [Code Root Fixup: 0.0 ms]
   [Code Root Purge: 0.0 ms]
   [Clear CT: 1.6 ms]
   [Other: 0.6 ms]
      [Choose CSet: 0.0 ms]
      [Ref Proc: 0.1 ms]
      [Ref Enq: 0.0 ms]
      [Redirty Cards: 0.1 ms]
      [Humongous Register: 0.1 ms]
      [Humongous Reclaim: 0.1 ms]
      [Free CSet: 0.0 ms]
   [Eden: 89.0M(89.0M)->0.0B(89.0M) Survivors: 13.0M->13.0M Heap: 189.2M(2048.0M)->120.0M(2048.0M)]
 [Times: user=0.02 sys=0.03, real=0.01 secs] 
2021-01-14T22:03:57.404-0800: 0.280: [GC pause (G1 Evacuation Pause) (young), 0.0092421 secs]
   [Parallel Time: 8.4 ms, GC Workers: 8]
      [GC Worker Start (ms): Min: 280.4, Avg: 280.4, Max: 280.5, Diff: 0.1]
      [Ext Root Scanning (ms): Min: 0.1, Avg: 0.1, Max: 0.1, Diff: 0.1, Sum: 0.8]
      [Update RS (ms): Min: 0.1, Avg: 0.1, Max: 0.2, Diff: 0.1, Sum: 0.8]
         [Processed Buffers: Min: 0, Avg: 1.6, Max: 2, Diff: 2, Sum: 13]
      [Scan RS (ms): Min: 0.0, Avg: 0.0, Max: 0.0, Diff: 0.0, Sum: 0.1]
      [Code Root Scanning (ms): Min: 0.0, Avg: 0.0, Max: 0.0, Diff: 0.0, Sum: 0.0]
      [Object Copy (ms): Min: 7.4, Avg: 7.6, Max: 7.9, Diff: 0.5, Sum: 60.9]
      [Termination (ms): Min: 0.0, Avg: 0.4, Max: 0.5, Diff: 0.5, Sum: 3.0]
         [Termination Attempts: Min: 1, Avg: 1.2, Max: 3, Diff: 2, Sum: 10]
      [GC Worker Other (ms): Min: 0.0, Avg: 0.0, Max: 0.0, Diff: 0.0, Sum: 0.1]
      [GC Worker Total (ms): Min: 8.1, Avg: 8.2, Max: 8.3, Diff: 0.2, Sum: 65.7]
      [GC Worker End (ms): Min: 288.6, Avg: 288.6, Max: 288.7, Diff: 0.2]
   [Code Root Fixup: 0.0 ms]
   [Code Root Purge: 0.0 ms]
   [Clear CT: 0.2 ms]
   [Other: 0.7 ms]
      [Choose CSet: 0.0 ms]
      [Ref Proc: 0.2 ms]
      [Ref Enq: 0.0 ms]
      [Redirty Cards: 0.2 ms]
      [Humongous Register: 0.1 ms]
      [Humongous Reclaim: 0.1 ms]
      [Free CSet: 0.0 ms]
   [Eden: 89.0M(89.0M)->0.0B(89.0M) Survivors: 13.0M->13.0M Heap: 229.1M(2048.0M)->156.8M(2048.0M)]
 [Times: user=0.02 sys=0.04, real=0.01 secs] 
2021-01-14T22:03:57.432-0800: 0.308: [GC pause (G1 Evacuation Pause) (young), 0.0080393 secs]
   [Parallel Time: 7.4 ms, GC Workers: 8]
      [GC Worker Start (ms): Min: 308.4, Avg: 308.5, Max: 308.8, Diff: 0.4]
      [Ext Root Scanning (ms): Min: 0.0, Avg: 0.1, Max: 0.2, Diff: 0.1, Sum: 0.7]
      [Update RS (ms): Min: 0.0, Avg: 0.1, Max: 0.2, Diff: 0.2, Sum: 0.9]
         [Processed Buffers: Min: 0, Avg: 1.8, Max: 3, Diff: 3, Sum: 14]
      [Scan RS (ms): Min: 0.0, Avg: 0.0, Max: 0.0, Diff: 0.0, Sum: 0.1]
      [Code Root Scanning (ms): Min: 0.0, Avg: 0.0, Max: 0.0, Diff: 0.0, Sum: 0.0]
      [Object Copy (ms): Min: 6.5, Avg: 6.6, Max: 6.8, Diff: 0.4, Sum: 52.7]
      [Termination (ms): Min: 0.0, Avg: 0.3, Max: 0.5, Diff: 0.5, Sum: 2.4]
         [Termination Attempts: Min: 1, Avg: 1.0, Max: 1, Diff: 0, Sum: 8]
      [GC Worker Other (ms): Min: 0.0, Avg: 0.0, Max: 0.0, Diff: 0.0, Sum: 0.1]
      [GC Worker Total (ms): Min: 6.8, Avg: 7.1, Max: 7.3, Diff: 0.5, Sum: 56.9]
      [GC Worker End (ms): Min: 315.5, Avg: 315.6, Max: 315.7, Diff: 0.2]
   [Code Root Fixup: 0.0 ms]
   [Code Root Purge: 0.0 ms]
   [Clear CT: 0.1 ms]
   [Other: 0.6 ms]
      [Choose CSet: 0.0 ms]
      [Ref Proc: 0.1 ms]
      [Ref Enq: 0.0 ms]
      [Redirty Cards: 0.1 ms]
      [Humongous Register: 0.1 ms]
      [Humongous Reclaim: 0.1 ms]
      [Free CSet: 0.0 ms]
   [Eden: 89.0M(89.0M)->0.0B(163.0M) Survivors: 13.0M->13.0M Heap: 269.0M(2048.0M)->190.5M(2048.0M)]
 [Times: user=0.02 sys=0.03, real=0.01 secs] 
2021-01-14T22:03:57.495-0800: 0.372: [GC pause (G1 Evacuation Pause) (young), 0.0177570 secs]
   [Parallel Time: 16.4 ms, GC Workers: 8]
      [GC Worker Start (ms): Min: 371.8, Avg: 371.9, Max: 372.4, Diff: 0.6]
      [Ext Root Scanning (ms): Min: 0.0, Avg: 0.1, Max: 0.2, Diff: 0.2, Sum: 0.8]
      [Update RS (ms): Min: 0.0, Avg: 0.1, Max: 0.2, Diff: 0.2, Sum: 0.9]
         [Processed Buffers: Min: 0, Avg: 1.9, Max: 3, Diff: 3, Sum: 15]
      [Scan RS (ms): Min: 0.0, Avg: 0.0, Max: 0.0, Diff: 0.0, Sum: 0.1]
      [Code Root Scanning (ms): Min: 0.0, Avg: 0.0, Max: 0.0, Diff: 0.0, Sum: 0.0]
      [Object Copy (ms): Min: 15.4, Avg: 15.6, Max: 15.9, Diff: 0.5, Sum: 124.7]
      [Termination (ms): Min: 0.0, Avg: 0.4, Max: 0.6, Diff: 0.6, Sum: 3.2]
         [Termination Attempts: Min: 1, Avg: 1.0, Max: 1, Diff: 0, Sum: 8]
      [GC Worker Other (ms): Min: 0.0, Avg: 0.0, Max: 0.0, Diff: 0.0, Sum: 0.1]
      [GC Worker Total (ms): Min: 15.8, Avg: 16.2, Max: 16.3, Diff: 0.5, Sum: 129.7]
      [GC Worker End (ms): Min: 388.1, Avg: 388.2, Max: 388.2, Diff: 0.2]
   [Code Root Fixup: 0.0 ms]
   [Code Root Purge: 0.0 ms]
   [Clear CT: 0.1 ms]
   [Other: 1.2 ms]
      [Choose CSet: 0.0 ms]
      [Ref Proc: 0.4 ms]
      [Ref Enq: 0.0 ms]
      [Redirty Cards: 0.2 ms]
      [Humongous Register: 0.1 ms]
      [Humongous Reclaim: 0.2 ms]
      [Free CSet: 0.1 ms]
   [Eden: 163.0M(163.0M)->0.0B(145.0M) Survivors: 13.0M->22.0M Heap: 390.1M(2048.0M)->245.0M(2048.0M)]
 [Times: user=0.03 sys=0.06, real=0.02 secs] 
2021-01-14T22:03:57.544-0800: 0.420: [GC pause (G1 Evacuation Pause) (young), 0.0146542 secs]
   [Parallel Time: 13.1 ms, GC Workers: 8]
      [GC Worker Start (ms): Min: 420.1, Avg: 420.2, Max: 420.2, Diff: 0.1]
      [Ext Root Scanning (ms): Min: 0.1, Avg: 0.2, Max: 0.5, Diff: 0.4, Sum: 1.2]
      [Update RS (ms): Min: 0.0, Avg: 0.1, Max: 0.3, Diff: 0.3, Sum: 1.2]
         [Processed Buffers: Min: 0, Avg: 2.0, Max: 3, Diff: 3, Sum: 16]
      [Scan RS (ms): Min: 0.0, Avg: 0.0, Max: 0.0, Diff: 0.0, Sum: 0.1]
      [Code Root Scanning (ms): Min: 0.0, Avg: 0.0, Max: 0.0, Diff: 0.0, Sum: 0.0]
      [Object Copy (ms): Min: 11.8, Avg: 12.1, Max: 12.4, Diff: 0.7, Sum: 96.9]
      [Termination (ms): Min: 0.0, Avg: 0.4, Max: 0.7, Diff: 0.6, Sum: 3.4]
         [Termination Attempts: Min: 1, Avg: 1.2, Max: 3, Diff: 2, Sum: 10]
      [GC Worker Other (ms): Min: 0.0, Avg: 0.0, Max: 0.0, Diff: 0.0, Sum: 0.1]
      [GC Worker Total (ms): Min: 12.8, Avg: 12.9, Max: 12.9, Diff: 0.1, Sum: 102.9]
      [GC Worker End (ms): Min: 433.0, Avg: 433.0, Max: 433.1, Diff: 0.1]
   [Code Root Fixup: 0.0 ms]
   [Code Root Purge: 0.0 ms]
   [Clear CT: 0.2 ms]
   [Other: 1.4 ms]
      [Choose CSet: 0.0 ms]
      [Ref Proc: 0.7 ms]
      [Ref Enq: 0.0 ms]
      [Redirty Cards: 0.2 ms]
      [Humongous Register: 0.1 ms]
      [Humongous Reclaim: 0.1 ms]
      [Free CSet: 0.1 ms]
   [Eden: 145.0M(145.0M)->0.0B(284.0M) Survivors: 22.0M->21.0M Heap: 435.1M(2048.0M)->300.0M(2048.0M)]
 [Times: user=0.03 sys=0.04, real=0.01 secs] 
2021-01-14T22:03:57.673-0800: 0.550: [GC pause (G1 Evacuation Pause) (young), 0.0529212 secs]
   [Parallel Time: 50.9 ms, GC Workers: 8]
      [GC Worker Start (ms): Min: 549.7, Avg: 549.9, Max: 550.6, Diff: 0.8]
      [Ext Root Scanning (ms): Min: 0.0, Avg: 0.1, Max: 0.6, Diff: 0.6, Sum: 1.1]
      [Update RS (ms): Min: 0.0, Avg: 0.2, Max: 0.5, Diff: 0.5, Sum: 1.6]
         [Processed Buffers: Min: 0, Avg: 2.1, Max: 6, Diff: 6, Sum: 17]
      [Scan RS (ms): Min: 0.0, Avg: 0.0, Max: 0.2, Diff: 0.2, Sum: 0.4]
      [Code Root Scanning (ms): Min: 0.0, Avg: 0.0, Max: 0.0, Diff: 0.0, Sum: 0.0]
      [Object Copy (ms): Min: 49.0, Avg: 49.6, Max: 50.3, Diff: 1.3, Sum: 397.2]
      [Termination (ms): Min: 0.0, Avg: 0.6, Max: 1.1, Diff: 1.1, Sum: 5.0]
         [Termination Attempts: Min: 1, Avg: 1.0, Max: 1, Diff: 0, Sum: 8]
      [GC Worker Other (ms): Min: 0.0, Avg: 0.0, Max: 0.1, Diff: 0.1, Sum: 0.2]
      [GC Worker Total (ms): Min: 50.0, Avg: 50.7, Max: 50.8, Diff: 0.8, Sum: 405.6]
      [GC Worker End (ms): Min: 600.5, Avg: 600.6, Max: 600.6, Diff: 0.1]
   [Code Root Fixup: 0.0 ms]
   [Code Root Purge: 0.0 ms]
   [Clear CT: 0.2 ms]
   [Other: 1.9 ms]
      [Choose CSet: 0.0 ms]
      [Ref Proc: 0.9 ms]
      [Ref Enq: 0.0 ms]
      [Redirty Cards: 0.1 ms]
      [Humongous Register: 0.1 ms]
      [Humongous Reclaim: 0.4 ms]
      [Free CSet: 0.1 ms]
   [Eden: 284.0M(284.0M)->0.0B(129.0M) Survivors: 21.0M->39.0M Heap: 669.7M(2048.0M)->385.8M(2048.0M)]
 [Times: user=0.05 sys=0.08, real=0.05 secs] 
2021-01-14T22:03:57.749-0800: 0.625: [GC pause (G1 Evacuation Pause) (young), 0.0108954 secs]
   [Parallel Time: 9.4 ms, GC Workers: 8]
      [GC Worker Start (ms): Min: 625.5, Avg: 625.6, Max: 625.6, Diff: 0.1]
      [Ext Root Scanning (ms): Min: 0.1, Avg: 0.1, Max: 0.2, Diff: 0.1, Sum: 0.8]
      [Update RS (ms): Min: 0.1, Avg: 0.2, Max: 0.5, Diff: 0.3, Sum: 1.4]
         [Processed Buffers: Min: 0, Avg: 2.2, Max: 3, Diff: 3, Sum: 18]
      [Scan RS (ms): Min: 0.0, Avg: 0.0, Max: 0.0, Diff: 0.0, Sum: 0.1]
      [Code Root Scanning (ms): Min: 0.0, Avg: 0.0, Max: 0.0, Diff: 0.0, Sum: 0.0]
      [Object Copy (ms): Min: 7.9, Avg: 8.4, Max: 8.8, Diff: 0.8, Sum: 67.1]
      [Termination (ms): Min: 0.0, Avg: 0.4, Max: 0.6, Diff: 0.6, Sum: 3.2]
         [Termination Attempts: Min: 1, Avg: 1.8, Max: 3, Diff: 2, Sum: 14]
      [GC Worker Other (ms): Min: 0.0, Avg: 0.0, Max: 0.0, Diff: 0.0, Sum: 0.1]
      [GC Worker Total (ms): Min: 9.0, Avg: 9.1, Max: 9.2, Diff: 0.2, Sum: 72.8]
      [GC Worker End (ms): Min: 634.6, Avg: 634.7, Max: 634.8, Diff: 0.2]
   [Code Root Fixup: 0.0 ms]
   [Code Root Purge: 0.0 ms]
   [Clear CT: 0.2 ms]
   [Other: 1.3 ms]
      [Choose CSet: 0.0 ms]
      [Ref Proc: 0.7 ms]
      [Ref Enq: 0.0 ms]
      [Redirty Cards: 0.1 ms]
      [Humongous Register: 0.1 ms]
      [Humongous Reclaim: 0.1 ms]
      [Free CSet: 0.1 ms]
   [Eden: 129.0M(129.0M)->0.0B(255.0M) Survivors: 39.0M->21.0M Heap: 559.5M(2048.0M)->431.2M(2048.0M)]
 [Times: user=0.04 sys=0.02, real=0.02 secs] 
2021-01-14T22:03:57.814-0800: 0.690: [GC pause (G1 Evacuation Pause) (young), 0.0168450 secs]
   [Parallel Time: 15.2 ms, GC Workers: 8]
      [GC Worker Start (ms): Min: 690.4, Avg: 690.5, Max: 690.9, Diff: 0.5]
      [Ext Root Scanning (ms): Min: 0.0, Avg: 0.1, Max: 0.4, Diff: 0.3, Sum: 1.0]
      [Update RS (ms): Min: 0.0, Avg: 0.2, Max: 0.3, Diff: 0.3, Sum: 1.5]
         [Processed Buffers: Min: 0, Avg: 3.0, Max: 6, Diff: 6, Sum: 24]
      [Scan RS (ms): Min: 0.0, Avg: 0.0, Max: 0.0, Diff: 0.0, Sum: 0.2]
      [Code Root Scanning (ms): Min: 0.0, Avg: 0.0, Max: 0.0, Diff: 0.0, Sum: 0.0]
      [Object Copy (ms): Min: 13.7, Avg: 14.0, Max: 14.4, Diff: 0.7, Sum: 111.9]
      [Termination (ms): Min: 0.0, Avg: 0.5, Max: 0.7, Diff: 0.7, Sum: 3.7]
         [Termination Attempts: Min: 1, Avg: 1.2, Max: 3, Diff: 2, Sum: 10]
      [GC Worker Other (ms): Min: 0.0, Avg: 0.0, Max: 0.0, Diff: 0.0, Sum: 0.1]
      [GC Worker Total (ms): Min: 14.5, Avg: 14.8, Max: 14.9, Diff: 0.5, Sum: 118.5]
      [GC Worker End (ms): Min: 705.3, Avg: 705.4, Max: 705.5, Diff: 0.2]
   [Code Root Fixup: 0.0 ms]
   [Code Root Purge: 0.0 ms]
   [Clear CT: 0.2 ms]
   [Other: 1.5 ms]
      [Choose CSet: 0.0 ms]
      [Ref Proc: 0.7 ms]
      [Ref Enq: 0.0 ms]
      [Redirty Cards: 0.2 ms]
      [Humongous Register: 0.1 ms]
      [Humongous Reclaim: 0.2 ms]
      [Free CSet: 0.1 ms]
   [Eden: 255.0M(255.0M)->0.0B(276.0M) Survivors: 21.0M->35.0M Heap: 743.4M(2048.0M)->490.7M(2048.0M)]
 [Times: user=0.04 sys=0.04, real=0.02 secs] 
2021-01-14T22:03:57.875-0800: 0.752: [GC pause (G1 Evacuation Pause) (young), 0.0215078 secs]
   [Parallel Time: 20.0 ms, GC Workers: 8]
      [GC Worker Start (ms): Min: 751.8, Avg: 751.9, Max: 751.9, Diff: 0.1]
      [Ext Root Scanning (ms): Min: 0.1, Avg: 0.1, Max: 0.3, Diff: 0.3, Sum: 1.1]
      [Update RS (ms): Min: 0.0, Avg: 0.2, Max: 0.6, Diff: 0.6, Sum: 1.6]
         [Processed Buffers: Min: 0, Avg: 2.5, Max: 5, Diff: 5, Sum: 20]
      [Scan RS (ms): Min: 0.0, Avg: 0.0, Max: 0.0, Diff: 0.0, Sum: 0.3]
      [Code Root Scanning (ms): Min: 0.0, Avg: 0.0, Max: 0.0, Diff: 0.0, Sum: 0.0]
      [Object Copy (ms): Min: 18.5, Avg: 18.8, Max: 19.4, Diff: 0.9, Sum: 150.4]
      [Termination (ms): Min: 0.0, Avg: 0.6, Max: 0.9, Diff: 0.9, Sum: 5.0]
         [Termination Attempts: Min: 1, Avg: 1.0, Max: 1, Diff: 0, Sum: 8]
      [GC Worker Other (ms): Min: 0.0, Avg: 0.0, Max: 0.0, Diff: 0.0, Sum: 0.1]
      [GC Worker Total (ms): Min: 19.7, Avg: 19.8, Max: 19.9, Diff: 0.2, Sum: 158.5]
      [GC Worker End (ms): Min: 771.6, Avg: 771.7, Max: 771.7, Diff: 0.1]
   [Code Root Fixup: 0.0 ms]
   [Code Root Purge: 0.0 ms]
   [Clear CT: 0.1 ms]
   [Other: 1.4 ms]
      [Choose CSet: 0.0 ms]
      [Ref Proc: 0.7 ms]
      [Ref Enq: 0.0 ms]
      [Redirty Cards: 0.2 ms]
      [Humongous Register: 0.1 ms]
      [Humongous Reclaim: 0.2 ms]
      [Free CSet: 0.1 ms]
   [Eden: 276.0M(276.0M)->0.0B(412.0M) Survivors: 35.0M->39.0M Heap: 827.2M(2048.0M)->559.3M(2048.0M)]
 [Times: user=0.05 sys=0.05, real=0.02 secs] 
2021-01-14T22:03:58.070-0800: 0.946: [GC pause (G1 Evacuation Pause) (young), 0.0862168 secs]
   [Parallel Time: 82.2 ms, GC Workers: 8]
      [GC Worker Start (ms): Min: 946.6, Avg: 946.9, Max: 947.9, Diff: 1.3]
      [Ext Root Scanning (ms): Min: 0.0, Avg: 0.2, Max: 0.9, Diff: 0.9, Sum: 1.5]
      [Update RS (ms): Min: 0.0, Avg: 0.2, Max: 0.6, Diff: 0.6, Sum: 1.7]
         [Processed Buffers: Min: 0, Avg: 2.6, Max: 6, Diff: 6, Sum: 21]
      [Scan RS (ms): Min: 0.0, Avg: 0.0, Max: 0.1, Diff: 0.1, Sum: 0.3]
      [Code Root Scanning (ms): Min: 0.0, Avg: 0.0, Max: 0.0, Diff: 0.0, Sum: 0.0]
      [Object Copy (ms): Min: 78.6, Avg: 79.5, Max: 80.5, Diff: 2.0, Sum: 636.1]
      [Termination (ms): Min: 0.0, Avg: 1.7, Max: 2.5, Diff: 2.5, Sum: 13.5]
         [Termination Attempts: Min: 1, Avg: 1.4, Max: 2, Diff: 1, Sum: 11]
      [GC Worker Other (ms): Min: 0.0, Avg: 0.0, Max: 0.0, Diff: 0.0, Sum: 0.2]
      [GC Worker Total (ms): Min: 80.5, Avg: 81.7, Max: 82.2, Diff: 1.7, Sum: 653.4]
      [GC Worker End (ms): Min: 1028.4, Avg: 1028.6, Max: 1028.8, Diff: 0.4]
   [Code Root Fixup: 0.0 ms]
   [Code Root Purge: 0.0 ms]
   [Clear CT: 0.2 ms]
   [Other: 3.9 ms]
      [Choose CSet: 0.0 ms]
      [Ref Proc: 1.2 ms]
      [Ref Enq: 0.0 ms]
      [Redirty Cards: 0.3 ms]
      [Humongous Register: 0.2 ms]
      [Humongous Reclaim: 1.4 ms]
      [Free CSet: 0.6 ms]
   [Eden: 412.0M(412.0M)->0.0B(79.0M) Survivors: 39.0M->57.0M Heap: 1097.5M(2048.0M)->665.7M(2048.0M)]
 [Times: user=0.08 sys=0.11, real=0.08 secs] 
2021-01-14T22:03:58.173-0800: 1.050: [GC pause (G1 Evacuation Pause) (young), 0.0178268 secs]
   [Parallel Time: 16.4 ms, GC Workers: 8]
      [GC Worker Start (ms): Min: 1049.8, Avg: 1049.9, Max: 1050.3, Diff: 0.5]
      [Ext Root Scanning (ms): Min: 0.0, Avg: 0.1, Max: 0.5, Diff: 0.5, Sum: 1.2]
      [Update RS (ms): Min: 0.0, Avg: 0.2, Max: 0.5, Diff: 0.5, Sum: 1.9]
         [Processed Buffers: Min: 0, Avg: 3.5, Max: 7, Diff: 7, Sum: 28]
      [Scan RS (ms): Min: 0.0, Avg: 0.0, Max: 0.0, Diff: 0.0, Sum: 0.1]
      [Code Root Scanning (ms): Min: 0.0, Avg: 0.0, Max: 0.0, Diff: 0.0, Sum: 0.0]
      [Object Copy (ms): Min: 14.9, Avg: 15.2, Max: 15.6, Diff: 0.8, Sum: 121.9]
      [Termination (ms): Min: 0.0, Avg: 0.4, Max: 0.7, Diff: 0.7, Sum: 3.2]
         [Termination Attempts: Min: 1, Avg: 1.0, Max: 1, Diff: 0, Sum: 8]
      [GC Worker Other (ms): Min: 0.0, Avg: 0.0, Max: 0.0, Diff: 0.0, Sum: 0.1]
      [GC Worker Total (ms): Min: 15.8, Avg: 16.1, Max: 16.2, Diff: 0.4, Sum: 128.4]
      [GC Worker End (ms): Min: 1065.9, Avg: 1065.9, Max: 1066.1, Diff: 0.2]
   [Code Root Fixup: 0.0 ms]
   [Code Root Purge: 0.0 ms]
   [Clear CT: 0.2 ms]
   [Other: 1.2 ms]
      [Choose CSet: 0.0 ms]
      [Ref Proc: 0.1 ms]
      [Ref Enq: 0.1 ms]
      [Redirty Cards: 0.2 ms]
      [Humongous Register: 0.1 ms]
      [Humongous Reclaim: 0.2 ms]
      [Free CSet: 0.2 ms]
   [Eden: 79.0M(79.0M)->0.0B(285.0M) Survivors: 57.0M->17.0M Heap: 763.0M(2048.0M)->681.6M(2048.0M)]
 [Times: user=0.03 sys=0.02, real=0.02 secs] 
Heap
 garbage-first heap   total 2097152K, used 942240K [0x0000000740000000, 0x0000000740104000, 0x00000007c0000000)
  region size 1024K, 201 young (205824K), 17 survivors (17408K)
 Metaspace       used 3222K, capacity 4500K, committed 4864K, reserved 1056768K
  class space    used 357K, capacity 388K, committed 512K, reserved 1048576K
